    Finished `test` profile [unoptimized + debuginfo] target(s) in 0.02s
     Running unittests src\lib.rs (target\debug\deps\learn_rust-07cff26f949908d0.exe)

running 5 tests
test graph::tests::test_adjacency_list ... ok
test graph::tests::test_adjacency_multilist ... ok
test graph::tests::test_adjacency_matrix ... ok
test graph::tests::test_orthogonal_list ... ok
test graph::tests::test_symmetric_matrix ... ok

test result: ok. 5 passed; 0 failed; 0 ignored; 0 measured; 2 filtered out; finished in 0.00s

     Running unittests src\bin\13.1.rs (target\debug\deps\13_1-bbbb716e2c289e85.exe)

running 0 tests

test result: ok. 0 passed; 0 failed; 0 ignored; 0 measured; 0 filtered out; finished in 0.00s

     Running unittests src\bin\generic_graph_example.rs (target\debug\deps\generic_graph_example-af2dd8e4d2838125.exe)

running 0 tests

test result: ok. 0 passed; 0 failed; 0 ignored; 0 measured; 0 filtered out; finished in 0.00s

     Running unittests src\bin\graph_example.rs (target\debug\deps\graph_example-7ff608a63462c9f7.exe)

running 0 tests

test result: ok. 0 passed; 0 failed; 0 ignored; 0 measured; 0 filtered out; finished in 0.00s

     Running unittests src\bin\guessing_game.rs (target\debug\deps\guessing_main-6ba5b1e1fff3dba0.exe)

running 0 tests

test result: ok. 0 passed; 0 failed; 0 ignored; 0 measured; 0 filtered out; finished in 0.00s

     Running unittests src\main.rs (target\debug\deps\learn_rust-d0890e8c66f253c9.exe)

running 0 tests

test result: ok. 0 passed; 0 failed; 0 ignored; 0 measured; 0 filtered out; finished in 0.00s

     Running unittests src\bin\minigrep.rs (target\debug\deps\minigrep-4ee24ab819f296f0.exe)

running 0 tests

test result: ok. 0 passed; 0 failed; 0 ignored; 0 measured; 0 filtered out; finished in 0.00s

     Running unittests src\bin\stack_application.rs (target\debug\deps\stack_application-7d90206c552b11df.exe)

running 0 tests

test result: ok. 0 passed; 0 failed; 0 ignored; 0 measured; 0 filtered out; finished in 0.00s

